src/components/tasks/TaskForm.tsx(44,14): error TS2345: Argument of type '{ title: string; description: string; priority: "low" | "medium" | "high"; categoryId: string | undefined; dueDate: Date | undefined; }' is not assignable to parameter of type 'Omit<Task, "id" | "createdAt" | "updatedAt" | "isCompleted">'.
  Property 'order' is missing in type '{ title: string; description: string; priority: "low" | "medium" | "high"; categoryId: string | undefined; dueDate: Date | undefined; }' but required in type 'Omit<Task, "id" | "createdAt" | "updatedAt" | "isCompleted">'.
